Microchip MPLAB XC8 Compiler V2.00 ()

Linker command line:

-W-3 --edf=C:\Program Files (x86)\Microchip\xc8\v2.00\pic\dat\en_msgs.txt \
  -cs -h+dist/default/production\buzzer.X.production.sym \
  --cmf=dist/default/production\buzzer.X.production.cmf -z -Q18F4550 \
  -oC:\Users\jorge\AppData\Local\Temp\siqk.2 --defsym=__MPLAB_BUILD=1 \
  -Mdist/default/production/buzzer.X.production.map -E1 -ver=XC8 \
  --acfsm=1493 -ASTACK=0294h-07ffh -pstack=STACK -ACODE=00h-07FFFh \
  -ACONST=00h-07FFFh -ASMALLCONST=0800h-08FFhx120 \
  -AMEDIUMCONST=0800h-07FFFh -ACOMRAM=01h-05Fh -AABS1=00h-07FFh \
  -ABIGRAM=01h-07FFh -ARAM=060h-0FFh,0100h-01FFhx7 -ABANK0=060h-0FFh \
  -ABANK1=0100h-01FFh -ABANK2=0200h-02FFh -ABANK3=0300h-03FFh \
  -ABANK4=0400h-04FFh -ABANK5=0500h-05FFh -ABANK6=0600h-06FFh \
  -ABANK7=0700h-07FFh -ASFR=0F60h-0FFFh \
  -preset_vec=00h,intcode,intcodelo,powerup,init -pramtop=0800h \
  -psmallconst=SMALLCONST -pmediumconst=MEDIUMCONST -pconst=CONST \
  -AFARRAM=00h-00h -ACONFIG=0300000h-030000Dh -pconfig=CONFIG \
  -AIDLOC=0200000h-0200007h -pidloc=IDLOC -AEEDATA=0F00000h-0F000FFh \
  -peeprom_data=EEDATA \
  -prdata=COMRAM,nvrram=COMRAM,nvbit=COMRAM,rbss=COMRAM,rbit=COMRAM \
  -pfarbss=FARRAM,fardata=FARRAM,nvFARRAM=FARRAM \
  -pintsave_regs=BIGRAM,bigbss=BIGRAM,bigdata=BIGRAM -pbss=RAM \
  -pidata=CODE,irdata=CODE,ibigdata=CODE,ifardata=CODE -prparam=COMRAM \
  C:\Users\jorge\AppData\Local\Temp\siqk.o \
  dist/default/production\buzzer.X.production.o 

Object code version is 3.11

Machine type is 18F4550

Call graph: (short form)




                Name                               Link     Load   Length Selector   Space Scale
C:\Users\jorge\AppData\Local\Temp\siqk.o
                init                                  0        0        4        0       0
                idloc                            200000   200000        8   200000       0
                config                           300000   300000        E   300000       0
dist/default/production\buzzer.X.production.o
                text14                             6D98     6D98        6     36CC       0
                text13                             6D9E     6D9E        C     36CF       0
                text12                             6DAA     6DAA        E     36D5       0
                text11                             70F4     70F4       EC     387A       0
                text10                             7310     7310      134     3988       0
                text9                              6E7A     6E7A       4E     373D       0
                text8                              7772     7772      420     3BB9       0
                text7                              7B92     7B92      46E     3DC9       0
                text6                              7444     7444      152     3A22       0
                text5                              7596     7596      1DC     3ACB       0
                text4                              701C     701C       D8     380E       0
                text3                              6F22     6F22       66     3791       0
                text2                              6DB8     6DB8       2A     36DC       0
                text1                              6EC8     6EC8       5A     3764       0
                text0                              71E0     71E0      130     38F0       0
                cstackCOMRAM                          1        1       5E        1       1
                cstackBANK0                          AC       AC        A       60       1
                cstackBANK1                         100      100       E1      100       1
                dataBANK2                           200      200       94      200       1
                dataBANK0                            60       60       4C       60       1
                bssBANK0                             B8       B8        2       60       1
                cinit                              6DE2     6DE2       4C     36F1       0
                nvBANK0                              B6       B6        2       60       1
                idataBANK2                         6F88     6F88       94     6F88       0
                idataBANK0                         6E2E     6E2E       4C     6E2E       0

TOTAL           Name                               Link     Load   Length     Space
        CLASS   STACK          

        CLASS   CODE           
                init                                  0        0        4         0
                text14                             6D98     6D98        6         0
                text13                             6D9E     6D9E        C         0
                text12                             6DAA     6DAA        E         0
                text11                             70F4     70F4       EC         0
                text10                             7310     7310      134         0
                text9                              6E7A     6E7A       4E         0
                text8                              7772     7772      420         0
                text7                              7B92     7B92      46E         0
                text6                              7444     7444      152         0
                text5                              7596     7596      1DC         0
                text4                              701C     701C       D8         0
                text3                              6F22     6F22       66         0
                text2                              6DB8     6DB8       2A         0
                text1                              6EC8     6EC8       5A         0
                text0                              71E0     71E0      130         0
                cinit                              6DE2     6DE2       4C         0
                idataBANK2                         6F88     6F88       94         0
                idataBANK0                         6E2E     6E2E       4C         0

        CLASS   CONST          

        CLASS   SMALLCONST     

        CLASS   MEDIUMCONST    

        CLASS   COMRAM         
                cstackCOMRAM                          1        1       5E         1

        CLASS   ABS1           

        CLASS   BIGRAM         

        CLASS   RAM            

        CLASS   BANK0          
                cstackBANK0                          AC       AC        A         1
                dataBANK0                            60       60       4C         1
                bssBANK0                             B8       B8        2         1
                nvBANK0                              B6       B6        2         1

        CLASS   BANK1          
                cstackBANK1                         100      100       E1         1

        CLASS   BANK2          
                dataBANK2                           200      200       94         1

        CLASS   BANK3          

        CLASS   BANK4          

        CLASS   BANK5          

        CLASS   BANK6          

        CLASS   BANK7          

        CLASS   SFR            

        CLASS   FARRAM         

        CLASS   CONFIG         
                config                           300000   300000        E         0

        CLASS   IDLOC          
                idloc                            200000   200000        8         0

        CLASS   EEDATA         



SEGMENTS        Name                           Load    Length   Top    Selector   Space  Class

                reset_vec                      000000  000004  000004         0       0  CODE    
                cstackCOMRAM                   000001  00005E  00005F         1       1  COMRAM  
                dataBANK0                      000060  00005A  0000BA        60       1  BANK0   
                cstackBANK1                    000100  0000E1  0001E1       100       1  BANK1   
                dataBANK2                      000200  000094  000294       200       1  BANK2   
                text14                         006D98  000006  006D9E      36CC       0  CODE    
                text13                         006D9E  00000C  006DAA      36CF       0  CODE    
                text12                         006DAA  00000E  006DB8      36D5       0  CODE    
                text2                          006DB8  00002A  006DE2      36DC       0  CODE    
                cinit                          006DE2  00004C  006E2E      36F1       0  CODE    
                idataBANK0                     006E2E  00004C  006E7A      6E2E       0  CODE    
                text9                          006E7A  00004E  006EC8      373D       0  CODE    
                text1                          006EC8  00005A  006F22      3764       0  CODE    
                text3                          006F22  000066  006F88      3791       0  CODE    
                idataBANK2                     006F88  000094  00701C      6F88       0  CODE    
                text4                          00701C  0000D8  0070F4      380E       0  CODE    
                text11                         0070F4  0000EC  0071E0      387A       0  CODE    
                text0                          0071E0  000130  007310      38F0       0  CODE    
                text10                         007310  000134  007444      3988       0  CODE    
                text6                          007444  000152  007596      3A22       0  CODE    
                text5                          007596  0001DC  007772      3ACB       0  CODE    
                text8                          007772  000420  007B92      3BB9       0  CODE    
                text7                          007B92  00046E  008000      3DC9       0  CODE    
                idloc                          200000  000008  200008    200000       0  IDLOC   
                config                         300000  00000E  30000E    300000       0  CONFIG  


UNUSED ADDRESS RANGES

        Name                Unused          Largest block    Delta
        BANK0            0000BA-0000FF               46
        BANK1            0001E1-0001FF               1F
        BANK2            000294-0002FF               6C
        BANK3            000300-0003FF              100
        BANK4            000400-0004FF              100
        BANK5            000500-0005FF              100
        BANK6            000600-0006FF              100
        BANK7            000700-0007FF              100
        BIGRAM           00005F-00005F                1
                         0000BA-0000FF               46
                         0001E1-0001FF               1F
                         000294-0007FF              56C
        CODE             000004-006D97             6D94
        COMRAM           00005F-00005F                1
        CONST            000004-006D97             6D94
        EEDATA           F00000-F000FF              100
        MEDIUMCONST      000800-006D97             6598
        RAM              0000BA-0000FF               46
                         0001E1-0001FF               1F
                         000294-0007FF              100
        SFR              000F60-000FFF               A0
        SMALLCONST       000800-006D97              100
        STACK            000294-0007FF              56C

                                  Symbol Table

?_PWM_Max_Duty              cstackCOMRAM 00000F
?___aldiv                   cstackCOMRAM 000001
?___awdiv                   cstackCOMRAM 000001
?___fldiv                   cstackCOMRAM 000021
?___flmul                   cstackCOMRAM 00003A
?___fltol                   cstackCOMRAM 000053
?___xxtofl                  cstackCOMRAM 000013
PWM1_Duty@duty              cstackCOMRAM 00005D
PWM1_Init@desired_frequency cstackCOMRAM 00000F
_CCP1M2                     (abs)        007DEA
_CCP1M3                     (abs)        007DEB
_CCPR1L                     (abs)        000FBE
_DC1B0                      (abs)        007DEC
_DC1B1                      (abs)        007DED
_LATB0                      (abs)        007C50
_OSCCONbits                 (abs)        000FD3
_PORTC                      (abs)        000F82
_PR2                        (abs)        000FCB
_PWM1_Duty                  text4        00701C
_PWM1_Init                  text3        006F22
_PWM1_Mode_On               text14       006D98
_PWM1_Start                 text13       006D9E
_PWM_Max_Duty               text9        006E7A
_SetupClock                 text12       006DAA
_T2CKPS0                    (abs)        007E50
_T2CKPS1                    (abs)        007E51
_TMR2ON                     (abs)        007E52
_TRISB0                     (abs)        007C98
_TRISCbits                  (abs)        000F94
__CFG_BOR$OFF               (abs)        000000
__CFG_CCP2MX$ON             (abs)        000000
__CFG_FOSC$INTOSCIO_EC      (abs)        000000
__CFG_LVP$OFF               (abs)        000000
__CFG_MCLRE$ON              (abs)        000000
__CFG_PBADEN$OFF            (abs)        000000
__CFG_PWRT$ON               (abs)        000000
__CFG_WDT$OFF               (abs)        000000
__HRAM                      (abs)        000000
__Habs1                     abs1         000000
__Hbank0                    bank0        000000
__Hbank1                    bank1        000000
__Hbank2                    bank2        000000
__Hbank3                    bank3        000000
__Hbank4                    bank4        000000
__Hbank5                    bank5        000000
__Hbank6                    bank6        000000
__Hbank7                    bank7        000000
__Hbigbss                   bigbss       000000
__Hbigdata                  bigdata      000000
__Hbigram                   bigram       000000
__Hbss                      bss          000000
__HbssBANK0                 bssBANK0     000000
__Hcinit                    cinit        000000
__Hclrtext                  clrtext      000000
__Hcomram                   comram       000000
__Hconfig                   config       30000E
__Hconst                    const        000000
__HcstackBANK0              cstackBANK0  000000
__HcstackBANK1              cstackBANK1  000000
__HcstackCOMRAM             cstackCOMRAM 000000
__Hdata                     data         000000
__HdataBANK0                dataBANK0    000000
__HdataBANK2                dataBANK2    000000
__Heeprom_data              eeprom_data  000000
__Hfarbss                   farbss       000000
__Hfardata                  fardata      000000
__Hibigdata                 ibigdata     000000
__Hidata                    idata        000000
__HidataBANK0               idataBANK0   000000
__HidataBANK2               idataBANK2   000000
__Hidloc                    idloc        200008
__Hifardata                 ifardata     000000
__Hinit                     init         000004
__Hintcode                  intcode      000000
__Hintcode_body             intcode_body 000000
__Hintcodelo                intcodelo    000000
__Hintentry                 intentry     000000
__Hintret                   intret       000000
__Hintsave_regs             intsave_regs 000000
__Hirdata                   irdata       000000
__Hmediumconst              mediumconst  000000
__HnvBANK0                  nvBANK0      000000
__HnvFARRAM                 nvFARRAM     000000
__Hnvbit                    nvbit        000000
__Hnvrram                   nvrram       000000
__Hparam                    rparam       000000
__Hpowerup                  powerup      000000
__Hram                      ram          000000
__Hramtop                   ramtop       000800
__Hrbit                     rbit         000000
__Hrbss                     rbss         000000
__Hrdata                    rdata        000000
__Hreset_vec                reset_vec    000000
__Hrparam                   rparam       000000
__Hsfr                      sfr          000000
__Hsmallconst               smallconst   000000
__Hspace_0                  (abs)        30000E
__Hspace_1                  (abs)        000294
__Hspace_2                  (abs)        000000
__Hstack                    stack        000000
__Hstruct                   struct       000000
__Htemp                     temp         000000
__Htext                     text         000000
__Htext0                    text0        000000
__Htext1                    text1        000000
__Htext10                   text10       000000
__Htext11                   text11       000000
__Htext12                   text12       000000
__Htext13                   text13       000000
__Htext14                   text14       000000
__Htext2                    text2        000000
__Htext3                    text3        000000
__Htext4                    text4        000000
__Htext5                    text5        000000
__Htext6                    text6        000000
__Htext7                    text7        000000
__Htext8                    text8        000000
__Htext9                    text9        000000
__LRAM                      (abs)        000001
__Labs1                     abs1         000000
__Lbank0                    bank0        000000
__Lbank1                    bank1        000000
__Lbank2                    bank2        000000
__Lbank3                    bank3        000000
__Lbank4                    bank4        000000
__Lbank5                    bank5        000000
__Lbank6                    bank6        000000
__Lbank7                    bank7        000000
__Lbigbss                   bigbss       000000
__Lbigdata                  bigdata      000000
__Lbigram                   bigram       000000
__Lbss                      bss          000000
__LbssBANK0                 bssBANK0     000000
__Lcinit                    cinit        000000
__Lclrtext                  clrtext      000000
__Lcomram                   comram       000000
__Lconfig                   config       300000
__Lconst                    const        000000
__LcstackBANK0              cstackBANK0  000000
__LcstackBANK1              cstackBANK1  000000
__LcstackCOMRAM             cstackCOMRAM 000000
__Ldata                     data         000000
__LdataBANK0                dataBANK0    000000
__LdataBANK2                dataBANK2    000000
__Leeprom_data              eeprom_data  000000
__Lfarbss                   farbss       000000
__Lfardata                  fardata      000000
__Libigdata                 ibigdata     000000
__Lidata                    idata        000000
__LidataBANK0               idataBANK0   000000
__LidataBANK2               idataBANK2   000000
__Lidloc                    idloc        200000
__Lifardata                 ifardata     000000
__Linit                     init         000000
__Lintcode                  intcode      000000
__Lintcode_body             intcode_body 000000
__Lintcodelo                intcodelo    000000
__Lintentry                 intentry     000000
__Lintret                   intret       000000
__Lintsave_regs             intsave_regs 000000
__Lirdata                   irdata       000000
__Lmediumconst              mediumconst  000000
__LnvBANK0                  nvBANK0      000000
__LnvFARRAM                 nvFARRAM     000000
__Lnvbit                    nvbit        000000
__Lnvrram                   nvrram       000000
__Lparam                    rparam       000000
__Lpowerup                  powerup      000000
__Lram                      ram          000000
__Lramtop                   ramtop       000800
__Lrbit                     rbit         000000
__Lrbss                     rbss         000000
__Lrdata                    rdata        000000
__Lreset_vec                reset_vec    000000
__Lrparam                   rparam       000000
__Lsfr                      sfr          000000
__Lsmallconst               smallconst   000000
__Lspace_0                  (abs)        000000
__Lspace_1                  (abs)        000000
__Lspace_2                  (abs)        000000
__Lstack                    stack        000000
__Lstruct                   struct       000000
__Ltemp                     temp         000000
__Ltext                     text         000000
__Ltext0                    text0        000000
__Ltext1                    text1        000000
__Ltext10                   text10       000000
__Ltext11                   text11       000000
__Ltext12                   text12       000000
__Ltext13                   text13       000000
__Ltext14                   text14       000000
__Ltext2                    text2        000000
__Ltext3                    text3        000000
__Ltext4                    text4        000000
__Ltext5                    text5        000000
__Ltext6                    text6        000000
__Ltext7                    text7        000000
__Ltext8                    text8        000000
__Ltext9                    text9        000000
__S0                        (abs)        30000E
__S1                        (abs)        000294
__S2                        (abs)        000000
___aldiv                    text10       007310
___aldiv@counter            cstackCOMRAM 000009
___aldiv@dividend           cstackCOMRAM 000001
___aldiv@divisor            cstackCOMRAM 000005
___aldiv@quotient           cstackCOMRAM 00000B
___aldiv@sign               cstackCOMRAM 00000A
___awdiv                    text11       0070F4
___awdiv@counter            cstackCOMRAM 000005
___awdiv@dividend           cstackCOMRAM 000001
___awdiv@divisor            cstackCOMRAM 000003
___awdiv@quotient           cstackCOMRAM 000007
___awdiv@sign               cstackCOMRAM 000006
___fldiv                    text8        007772
___fldiv@a                  cstackCOMRAM 000025
___fldiv@aexp               cstackCOMRAM 000039
___fldiv@b                  cstackCOMRAM 000021
___fldiv@bexp               cstackCOMRAM 000038
___fldiv@grs                cstackCOMRAM 000034
___fldiv@new_exp            cstackCOMRAM 000032
___fldiv@rem                cstackCOMRAM 00002D
___fldiv@sign               cstackCOMRAM 000031
___flmul                    text7        007B92
___flmul@a                  cstackCOMRAM 00003E
___flmul@aexp               cstackCOMRAM 00004B
___flmul@b                  cstackCOMRAM 00003A
___flmul@bexp               cstackCOMRAM 00004C
___flmul@grs                cstackCOMRAM 000047
___flmul@prod               cstackCOMRAM 00004D
___flmul@sign               cstackCOMRAM 000046
___flmul@temp               cstackCOMRAM 000051
___fltol                    text6        007444
___fltol@exp1               cstackCOMRAM 00005C
___fltol@f1                 cstackCOMRAM 000053
___fltol@sign1              cstackCOMRAM 00005B
___inthi_sp                 stack        000000
___intlo_sp                 stack        000000
___param_bank               (abs)        000000
___rparam_used              (abs)        000001
___sp                       stack        000000
___xxtofl                   text5        007596
___xxtofl@arg               cstackCOMRAM 00001D
___xxtofl@exp               cstackCOMRAM 00001C
___xxtofl@sign              cstackCOMRAM 00001B
___xxtofl@val               cstackCOMRAM 000013
__accesstop                 (abs)        000060
__activetblptr              (abs)        000000
__end_of_PWM1_Duty          text4        0070F4
__end_of_PWM1_Init          text3        006F88
__end_of_PWM1_Mode_On       text14       006D9E
__end_of_PWM1_Start         text13       006DAA
__end_of_PWM_Max_Duty       text9        006EC8
__end_of_SetupClock         text12       006DB8
__end_of___aldiv            text10       007444
__end_of___awdiv            text11       0071E0
__end_of___fldiv            text8        007B92
__end_of___flmul            text7        008000
__end_of___fltol            text6        007596
__end_of___xxtofl           text5        007772
__end_of__initialization    cinit        006E28
__end_of_delay_ms           text2        006DE2
__end_of_main               text0        007310
__end_of_playTone           text1        006F22
__initialization            cinit        006DE2
__mediumconst               mediumconst  000000
__pbssBANK0                 bssBANK0     0000B8
__pcinit                    cinit        006DE2
__pcstackBANK0              cstackBANK0  0000AC
__pcstackBANK1              cstackBANK1  000100
__pcstackCOMRAM             cstackCOMRAM 000001
__pdataBANK0                dataBANK0    000060
__pdataBANK2                dataBANK2    000200
__pidataBANK0               idataBANK0   006E2E
__pidataBANK2               idataBANK2   006F88
__pnvBANK0                  nvBANK0      0000B6
__ptext0                    text0        0071E0
__ptext1                    text1        006EC8
__ptext10                   text10       007310
__ptext11                   text11       0070F4
__ptext12                   text12       006DAA
__ptext13                   text13       006D9E
__ptext14                   text14       006D98
__ptext2                    text2        006DB8
__ptext3                    text3        006F22
__ptext4                    text4        00701C
__ptext5                    text5        007596
__ptext6                    text6        007444
__ptext7                    text7        007B92
__ptext8                    text8        007772
__ptext9                    text9        006E7A
__ramtop                    ramtop       000800
__size_of_PWM1_Duty         (abs)        000000
__size_of_PWM1_Init         (abs)        000000
__size_of_PWM1_Mode_On      (abs)        000000
__size_of_PWM1_Start        (abs)        000000
__size_of_PWM_Max_Duty      (abs)        000000
__size_of_SetupClock        (abs)        000000
__size_of___aldiv           (abs)        000000
__size_of___awdiv           (abs)        000000
__size_of___fldiv           (abs)        000000
__size_of___flmul           (abs)        000000
__size_of___fltol           (abs)        000000
__size_of___xxtofl          (abs)        000000
__size_of_delay_ms          (abs)        000000
__size_of_main              (abs)        000000
__size_of_playTone          (abs)        000000
__smallconst                smallconst   000000
_current_tone               nvBANK0      0000B6
_current_tone_duration      bssBANK0     0000B8
_delay_ms                   text2        006DB8
_main                       text0        0071E0
_playTone                   text1        006EC8
_tempo                      dataBANK0    0000AA
delay_ms@milliseconds       cstackCOMRAM 000009
end_of_initialization       cinit        006E28
intlevel0                   text         000000
intlevel1                   text         000000
intlevel2                   text         000000
intlevel3                   text         000000
main@F3176                  dataBANK2    000200
main@F3178                  dataBANK0    000060
main@MELODY_LENGTH          cstackBANK1  0001DE
main@beats                  cstackBANK1  000194
main@i                      cstackBANK1  0001DF
main@melody                 cstackBANK1  000100
stackhi                     (abs)        0007FF
stacklo                     (abs)        000294
start                       init         000000
start_initialization        cinit        006DE2


FUNCTION INFORMATION:

 *************** function _main *****************
 Defined at:
		line 111 in file "sirena.c"
 Parameters:    Size  Location     Type
  argc            2    2[BANK0 ] int 
  argv            3    4[BANK0 ] PTR PTR unsigned char 
 Auto vars:     Size  Location     Type
  i               2  223[BANK1 ] int 
  melody        148    0[BANK1 ] short [74]
  beats          74  148[BANK1 ] unsigned char [74]
  MELODY_LENGT    1  222[BANK1 ] unsigned char 
 Return value:  Size  Location     Type
                  2    2[BANK0 ] int 
 Registers used:
		wreg, fsr1l, fsr1h, fsr2l, fsr2h, status,2, status,0, prodl, prodh, cstack
 Tracked objects:
		On entry : 
		On exit  : 
		Unchanged: 
 Data sizes:     COMRAM   BANK0   BANK1   BANK2   BANK3   BANK4   BANK5   BANK6   BANK7
      Params:         0       5       0       0       0       0       0       0       0
      Locals:         0       0     225       0       0       0       0       0       0
      Temps:          0       3       0       0       0       0       0       0       0
      Totals:         0       8     225       0       0       0       0       0       0
Total ram usage:      233 bytes
 Hardware stack levels required when called:    4
 This function calls:
		_PWM1_Duty
		_PWM1_Init
		_PWM1_Start
		_SetupClock
		___awdiv
		_delay_ms
		_playTone
 This function is called by:
		Startup code after reset
 This function uses a non-reentrant model


 *************** function _playTone *****************
 Defined at:
		line 100 in file "sirena.c"
 Parameters:    Size  Location     Type
		None
 Auto vars:     Size  Location     Type
		None
 Return value:  Size  Location     Type
                  1    wreg      void 
 Registers used:
		wreg, status,2, status,0, prodl, prodh, cstack
 Tracked objects:
		On entry : 
		On exit  : 
		Unchanged: 
 Data sizes:     COMRAM   BANK0   BANK1   BANK2   BANK3   BANK4   BANK5   BANK6   BANK7
      Params:         0       0       0       0       0       0       0       0       0
      Locals:         0       0       0       0       0       0       0       0       0
      Temps:          0       0       0       0       0       0       0       0       0
      Totals:         0       0       0       0       0       0       0       0       0
Total ram usage:        0 bytes
 Hardware stack levels used:    1
 Hardware stack levels required when called:    3
 This function calls:
		_PWM1_Duty
		_PWM1_Init
		_delay_ms
 This function is called by:
		_main
 This function uses a non-reentrant model


 *************** function _delay_ms *****************
 Defined at:
		line 44 in file "sirena.c"
 Parameters:    Size  Location     Type
  milliseconds    2    8[COMRAM] unsigned int 
 Auto vars:     Size  Location     Type
		None
 Return value:  Size  Location     Type
                  1    wreg      void 
 Registers used:
		wreg, status,2, status,0
 Tracked objects:
		On entry : 
		On exit  : 
		Unchanged: 
 Data sizes:     COMRAM   BANK0   BANK1   BANK2   BANK3   BANK4   BANK5   BANK6   BANK7
      Params:         2       0       0       0       0       0       0       0       0
      Locals:         0       0       0       0       0       0       0       0       0
      Temps:          0       0       0       0       0       0       0       0       0
      Totals:         2       0       0       0       0       0       0       0       0
Total ram usage:        2 bytes
 Hardware stack levels used:    1
 This function calls:
		Nothing
 This function is called by:
		_playTone
		_main
 This function uses a non-reentrant model


 *************** function _PWM1_Init *****************
 Defined at:
		line 56 in file "sirena.c"
 Parameters:    Size  Location     Type
  desired_freq    4   14[COMRAM] long 
 Auto vars:     Size  Location     Type
		None
 Return value:  Size  Location     Type
                  1    wreg      void 
 Registers used:
		wreg, status,2, status,0, cstack
 Tracked objects:
		On entry : 
		On exit  : 
		Unchanged: 
 Data sizes:     COMRAM   BANK0   BANK1   BANK2   BANK3   BANK4   BANK5   BANK6   BANK7
      Params:         4       0       0       0       0       0       0       0       0
      Locals:         0       0       0       0       0       0       0       0       0
      Temps:          4       0       0       0       0       0       0       0       0
      Totals:         8       0       0       0       0       0       0       0       0
Total ram usage:        8 bytes
 Hardware stack levels used:    1
 Hardware stack levels required when called:    1
 This function calls:
		___aldiv
 This function is called by:
		_playTone
		_main
 This function uses a non-reentrant model


 *************** function _PWM1_Duty *****************
 Defined at:
		line 65 in file "sirena.c"
 Parameters:    Size  Location     Type
  duty            2   92[COMRAM] unsigned int 
 Auto vars:     Size  Location     Type
		None
 Return value:  Size  Location     Type
                  1    wreg      void 
 Registers used:
		wreg, status,2, status,0, prodl, prodh, cstack
 Tracked objects:
		On entry : 
		On exit  : 
		Unchanged: 
 Data sizes:     COMRAM   BANK0   BANK1   BANK2   BANK3   BANK4   BANK5   BANK6   BANK7
      Params:         2       0       0       0       0       0       0       0       0
      Locals:         0       0       0       0       0       0       0       0       0
      Temps:          0       2       0       0       0       0       0       0       0
      Totals:         2       2       0       0       0       0       0       0       0
Total ram usage:        4 bytes
 Hardware stack levels used:    1
 Hardware stack levels required when called:    2
 This function calls:
		_PWM_Max_Duty
		___fldiv
		___flmul
		___fltol
		___xxtofl
 This function is called by:
		_playTone
		_main
 This function uses a non-reentrant model


 *************** function ___xxtofl *****************
 Defined at:
		line 10 in file "C:\Program Files (x86)\Microchip\xc8\v2.00\pic\sources\c99\common\xxtofl.c"
 Parameters:    Size  Location     Type
  sign            1    wreg     unsigned char 
  val             4   18[COMRAM] long 
 Auto vars:     Size  Location     Type
  sign            1   26[COMRAM] unsigned char 
  arg             4   28[COMRAM] unsigned long 
  exp             1   27[COMRAM] unsigned char 
 Return value:  Size  Location     Type
                  4   18[COMRAM] unsigned char 
 Registers used:
		wreg, status,2, status,0
 Tracked objects:
		On entry : 
		On exit  : 
		Unchanged: 
 Data sizes:     COMRAM   BANK0   BANK1   BANK2   BANK3   BANK4   BANK5   BANK6   BANK7
      Params:         4       0       0       0       0       0       0       0       0
      Locals:         6       0       0       0       0       0       0       0       0
      Temps:          4       0       0       0       0       0       0       0       0
      Totals:        14       0       0       0       0       0       0       0       0
Total ram usage:       14 bytes
 Hardware stack levels used:    1
 This function calls:
		Nothing
 This function is called by:
		_PWM1_Duty
 This function uses a non-reentrant model


 *************** function ___fltol *****************
 Defined at:
		line 43 in file "C:\Program Files (x86)\Microchip\xc8\v2.00\pic\sources\c99\common\fltol.c"
 Parameters:    Size  Location     Type
  f1              4   82[COMRAM] unsigned char 
 Auto vars:     Size  Location     Type
  exp1            1   91[COMRAM] unsigned char 
  sign1           1   90[COMRAM] unsigned char 
 Return value:  Size  Location     Type
                  4   82[COMRAM] long 
 Registers used:
		wreg, status,2, status,0
 Tracked objects:
		On entry : 
		On exit  : 
		Unchanged: 
 Data sizes:     COMRAM   BANK0   BANK1   BANK2   BANK3   BANK4   BANK5   BANK6   BANK7
      Params:         4       0       0       0       0       0       0       0       0
      Locals:         2       0       0       0       0       0       0       0       0
      Temps:          4       0       0       0       0       0       0       0       0
      Totals:        10       0       0       0       0       0       0       0       0
Total ram usage:       10 bytes
 Hardware stack levels used:    1
 This function calls:
		Nothing
 This function is called by:
		_PWM1_Duty
 This function uses a non-reentrant model


 *************** function ___flmul *****************
 Defined at:
		line 8 in file "C:\Program Files (x86)\Microchip\xc8\v2.00\pic\sources\c99\common\sprcmul.c"
 Parameters:    Size  Location     Type
  b               4   57[COMRAM] long 
  a               4   61[COMRAM] long 
 Auto vars:     Size  Location     Type
  prod            4   76[COMRAM] struct .
  grs             4   70[COMRAM] unsigned long 
  temp            2   80[COMRAM] struct .
  bexp            1   75[COMRAM] unsigned char 
  aexp            1   74[COMRAM] unsigned char 
  sign            1   69[COMRAM] unsigned char 
 Return value:  Size  Location     Type
                  4   57[COMRAM] unsigned char 
 Registers used:
		wreg, status,2, status,0, prodl, prodh
 Tracked objects:
		On entry : 
		On exit  : 
		Unchanged: 
 Data sizes:     COMRAM   BANK0   BANK1   BANK2   BANK3   BANK4   BANK5   BANK6   BANK7
      Params:         8       0       0       0       0       0       0       0       0
      Locals:        13       0       0       0       0       0       0       0       0
      Temps:          4       0       0       0       0       0       0       0       0
      Totals:        25       0       0       0       0       0       0       0       0
Total ram usage:       25 bytes
 Hardware stack levels used:    1
 This function calls:
		Nothing
 This function is called by:
		_PWM1_Duty
 This function uses a non-reentrant model


 *************** function ___fldiv *****************
 Defined at:
		line 11 in file "C:\Program Files (x86)\Microchip\xc8\v2.00\pic\sources\c99\common\sprcdiv.c"
 Parameters:    Size  Location     Type
  b               4   32[COMRAM] unsigned char 
  a               4   36[COMRAM] unsigned char 
 Auto vars:     Size  Location     Type
  grs             4   51[COMRAM] unsigned long 
  rem             4   44[COMRAM] unsigned long 
  new_exp         2   49[COMRAM] short 
  aexp            1   56[COMRAM] unsigned char 
  bexp            1   55[COMRAM] unsigned char 
  sign            1   48[COMRAM] unsigned char 
 Return value:  Size  Location     Type
                  4   32[COMRAM] unsigned char 
 Registers used:
		wreg, status,2, status,0
 Tracked objects:
		On entry : 
		On exit  : 
		Unchanged: 
 Data sizes:     COMRAM   BANK0   BANK1   BANK2   BANK3   BANK4   BANK5   BANK6   BANK7
      Params:         8       0       0       0       0       0       0       0       0
      Locals:        13       0       0       0       0       0       0       0       0
      Temps:          4       0       0       0       0       0       0       0       0
      Totals:        25       0       0       0       0       0       0       0       0
Total ram usage:       25 bytes
 Hardware stack levels used:    1
 This function calls:
		Nothing
 This function is called by:
		_PWM1_Duty
 This function uses a non-reentrant model


 *************** function _PWM_Max_Duty *****************
 Defined at:
		line 61 in file "sirena.c"
 Parameters:    Size  Location     Type
		None
 Auto vars:     Size  Location     Type
		None
 Return value:  Size  Location     Type
                  2   14[COMRAM] int 
 Registers used:
		wreg, status,2, status,0, cstack
 Tracked objects:
		On entry : 
		On exit  : 
		Unchanged: 
 Data sizes:     COMRAM   BANK0   BANK1   BANK2   BANK3   BANK4   BANK5   BANK6   BANK7
      Params:         2       0       0       0       0       0       0       0       0
      Locals:         0       0       0       0       0       0       0       0       0
      Temps:          2       0       0       0       0       0       0       0       0
      Totals:         4       0       0       0       0       0       0       0       0
Total ram usage:        4 bytes
 Hardware stack levels used:    1
 Hardware stack levels required when called:    1
 This function calls:
		___aldiv
 This function is called by:
		_PWM1_Duty
 This function uses a non-reentrant model


 *************** function ___aldiv *****************
 Defined at:
		line 7 in file "C:\Program Files (x86)\Microchip\xc8\v2.00\pic\sources\c99\common\aldiv.c"
 Parameters:    Size  Location     Type
  dividend        4    0[COMRAM] long 
  divisor         4    4[COMRAM] long 
 Auto vars:     Size  Location     Type
  quotient        4   10[COMRAM] long 
  sign            1    9[COMRAM] unsigned char 
  counter         1    8[COMRAM] unsigned char 
 Return value:  Size  Location     Type
                  4    0[COMRAM] long 
 Registers used:
		wreg, status,2, status,0
 Tracked objects:
		On entry : 
		On exit  : 
		Unchanged: 
 Data sizes:     COMRAM   BANK0   BANK1   BANK2   BANK3   BANK4   BANK5   BANK6   BANK7
      Params:         8       0       0       0       0       0       0       0       0
      Locals:         6       0       0       0       0       0       0       0       0
      Temps:          0       0       0       0       0       0       0       0       0
      Totals:        14       0       0       0       0       0       0       0       0
Total ram usage:       14 bytes
 Hardware stack levels used:    1
 This function calls:
		Nothing
 This function is called by:
		_PWM1_Init
		_PWM_Max_Duty
 This function uses a non-reentrant model


 *************** function ___awdiv *****************
 Defined at:
		line 7 in file "C:\Program Files (x86)\Microchip\xc8\v2.00\pic\sources\c99\common\awdiv.c"
 Parameters:    Size  Location     Type
  dividend        2    0[COMRAM] int 
  divisor         2    2[COMRAM] int 
 Auto vars:     Size  Location     Type
  quotient        2    6[COMRAM] int 
  sign            1    5[COMRAM] unsigned char 
  counter         1    4[COMRAM] unsigned char 
 Return value:  Size  Location     Type
                  2    0[COMRAM] int 
 Registers used:
		wreg, status,2, status,0
 Tracked objects:
		On entry : 
		On exit  : 
		Unchanged: 
 Data sizes:     COMRAM   BANK0   BANK1   BANK2   BANK3   BANK4   BANK5   BANK6   BANK7
      Params:         4       0       0       0       0       0       0       0       0
      Locals:         4       0       0       0       0       0       0       0       0
      Temps:          0       0       0       0       0       0       0       0       0
      Totals:         8       0       0       0       0       0       0       0       0
Total ram usage:        8 bytes
 Hardware stack levels used:    1
 This function calls:
		Nothing
 This function is called by:
		_main
 This function uses a non-reentrant model


 *************** function _SetupClock *****************
 Defined at:
		line 51 in file "sirena.c"
 Parameters:    Size  Location     Type
		None
 Auto vars:     Size  Location     Type
		None
 Return value:  Size  Location     Type
                  1    wreg      void 
 Registers used:
		wreg, status,2
 Tracked objects:
		On entry : 
		On exit  : 
		Unchanged: 
 Data sizes:     COMRAM   BANK0   BANK1   BANK2   BANK3   BANK4   BANK5   BANK6   BANK7
      Params:         0       0       0       0       0       0       0       0       0
      Locals:         0       0       0       0       0       0       0       0       0
      Temps:          0       0       0       0       0       0       0       0       0
      Totals:         0       0       0       0       0       0       0       0       0
Total ram usage:        0 bytes
 Hardware stack levels used:    1
 This function calls:
		Nothing
 This function is called by:
		_main
 This function uses a non-reentrant model


 *************** function _PWM1_Start *****************
 Defined at:
		line 79 in file "sirena.c"
 Parameters:    Size  Location     Type
		None
 Auto vars:     Size  Location     Type
		None
 Return value:  Size  Location     Type
                  1    wreg      void 
 Registers used:
		cstack
 Tracked objects:
		On entry : 
		On exit  : 
		Unchanged: 
 Data sizes:     COMRAM   BANK0   BANK1   BANK2   BANK3   BANK4   BANK5   BANK6   BANK7
      Params:         0       0       0       0       0       0       0       0       0
      Locals:         0       0       0       0       0       0       0       0       0
      Temps:          0       0       0       0       0       0       0       0       0
      Totals:         0       0       0       0       0       0       0       0       0
Total ram usage:        0 bytes
 Hardware stack levels used:    1
 Hardware stack levels required when called:    1
 This function calls:
		_PWM1_Mode_On
 This function is called by:
		_main
 This function uses a non-reentrant model


 *************** function _PWM1_Mode_On *****************
 Defined at:
		line 74 in file "sirena.c"
 Parameters:    Size  Location     Type
		None
 Auto vars:     Size  Location     Type
		None
 Return value:  Size  Location     Type
                  1    wreg      void 
 Registers used:
		None
 Tracked objects:
		On entry : 
		On exit  : 
		Unchanged: 
 Data sizes:     COMRAM   BANK0   BANK1   BANK2   BANK3   BANK4   BANK5   BANK6   BANK7
      Params:         0       0       0       0       0       0       0       0       0
      Locals:         0       0       0       0       0       0       0       0       0
      Temps:          0       0       0       0       0       0       0       0       0
      Totals:         0       0       0       0       0       0       0       0       0
Total ram usage:        0 bytes
 Hardware stack levels used:    1
 This function calls:
		Nothing
 This function is called by:
		_PWM1_Start
 This function uses a non-reentrant model



MODULE INFORMATION

Module		Function		Class		Link	Load	Size
C:\Program Files (x86)\Microchip\xc8\v2.00\pic\sources\c99\common\sprcmul.c
		___flmul       		CODE           	7B92	0000	1135

C:\Program Files (x86)\Microchip\xc8\v2.00\pic\sources\c99\common\sprcmul.c estimated size: 1135

C:\Program Files (x86)\Microchip\xc8\v2.00\pic\sources\c99\common\sprcdiv.c
		___fldiv       		CODE           	7772	0000	1057

C:\Program Files (x86)\Microchip\xc8\v2.00\pic\sources\c99\common\sprcdiv.c estimated size: 1057

C:\Program Files (x86)\Microchip\xc8\v2.00\pic\sources\c99\common\xxtofl.c
		___xxtofl      		CODE           	7596	0000	477

C:\Program Files (x86)\Microchip\xc8\v2.00\pic\sources\c99\common\xxtofl.c estimated size: 477

C:\Program Files (x86)\Microchip\xc8\v2.00\pic\sources\c99\common\awdiv.c
		___awdiv       		CODE           	70F4	0000	237

C:\Program Files (x86)\Microchip\xc8\v2.00\pic\sources\c99\common\awdiv.c estimated size: 237

shared
		__initialization		CODE           	6DE2	0000	71

shared estimated size: 71

C:\Program Files (x86)\Microchip\xc8\v2.00\pic\sources\c99\common\fltol.c
		___fltol       		CODE           	7444	0000	339

C:\Program Files (x86)\Microchip\xc8\v2.00\pic\sources\c99\common\fltol.c estimated size: 339

C:\Program Files (x86)\Microchip\xc8\v2.00\pic\sources\c99\common\aldiv.c
		___aldiv       		CODE           	7310	0000	309

C:\Program Files (x86)\Microchip\xc8\v2.00\pic\sources\c99\common\aldiv.c estimated size: 309

sirena.c
		_PWM1_Start    		CODE           	6D9E	0000	13
		_main          		CODE           	71E0	0000	305
		_PWM1_Init     		CODE           	6F22	0000	103
		_playTone      		CODE           	6EC8	0000	91
		_PWM_Max_Duty  		CODE           	6E7A	0000	79
		_PWM1_Duty     		CODE           	701C	0000	217
		_PWM1_Mode_On  		CODE           	6D98	0000	7
		_delay_ms      		CODE           	6DB8	0000	43
		_SetupClock    		CODE           	6DAA	0000	15

sirena.c estimated size: 873

